<div class="admonition admonition-best-practice">
    <p class="admonition-title">
        <span>Best Practice</span>
    </p>
    <p>Use the bcrypt encoder for hashing your users' passwords.</p>
</div>
