<div class="admonition admonition-caution">
    <p class="admonition-title">
        <svg xmlns="http://www.w3.org/2000/svg" fill="none" width="24" height="24" viewBox="0 0 24 24" stroke="currentColor"><path stroke-linecap="round" stroke-linejoin="round" stroke-width="2" d="M12 8v4m0 4h.01M21 12a9 9 0 11-18 0 9 9 0 0118 0z" /></svg>
        <span>Caution</span>
    </p>
    <p>Using too many sidebars or caution directives can be distracting!</p>
</div>
