<div class="configuration-block">
    <div role="tablist" aria-label="Configuration formats" class="configuration-tabs configuration-tabs-length-2">
        <button role="tab" type="button" data-language="yaml" aria-controls="configuration-block-tabpanel-523eafc9524d67db5f21ecae2362d532" aria-selected="true" data-active="true">
            <span>YAML</span>
        </button>
        <button role="tab" type="button" data-language="php" aria-controls="configuration-block-tabpanel-a51ba27b3c76153f629592baf23834dc" aria-selected="false" tabindex="-1">
            <span>PHP</span>
        </button>
    </div>

    <div role="tabpanel" id="configuration-block-tabpanel-523eafc9524d67db5f21ecae2362d532" aria-label="YAML" class="configuration-codeblock" data-language="yaml" style="">
        <div translate="no" data-loc="1" class="notranslate codeblock codeblock-length-sm codeblock-yaml">
            <div class="codeblock-scroll">
                <pre class="codeblock-lines">1</pre>
                <pre class="codeblock-code"><code><span class="hljs-comment"># app/config/services.yml</span></code></pre>
            </div>
        </div>
    </div>

    <div role="tabpanel" id="configuration-block-tabpanel-a51ba27b3c76153f629592baf23834dc" aria-label="PHP" class="configuration-codeblock" data-language="php" style="display: none">
        <div translate="no" data-loc="1" class="notranslate codeblock codeblock-length-sm codeblock-php">
            <div class="codeblock-scroll">
                <pre class="codeblock-lines">1</pre>
                <pre class="codeblock-code"><code><span class="hljs-comment">// config/routes.php</span></code></pre>
            </div>
        </div>
    </div>
</div>
