<div class="admonition admonition-note">
    <p class="admonition-title">
        <svg xmlns="http://www.w3.org/2000/svg" fill="none" width="24" height="24" viewBox="0 0 24 24" stroke="currentColor"><path stroke-linecap="round" stroke-linejoin="round" stroke-width="2" d="M11 5H6a2 2 0 00-2 2v11a2 2 0 002 2h11a2 2 0 002-2v-5m-1.414-9.414a2 2 0 112.828 2.828L11.828 15H9v-2.828l8.586-8.586z" /></svg>
        <span>Note</span>
    </p>
    <p>test</p>
    <div translate="no" data-loc="1" class="notranslate codeblock codeblock-length-sm codeblock-php">
    <div class="codeblock-scroll">
        <pre class="codeblock-lines">1</pre>
        <pre class="codeblock-code"><code><span class="hljs-comment">// code</span></code></pre>
    </div>
</div>
</div>
