<div class="admonition admonition-screencast">
    <p class="admonition-title">
        <svg xmlns="http://www.w3.org/2000/svg" fill="none" width="24" height="24" viewbox="0 0 24 24" stroke="currentColor"><path stroke-linecap="round" stroke-linejoin="round" stroke-width="2" d="M15 10l4.553-2.276A1 1 0 0121 8.618v6.764a1 1 0 01-1.447.894L15 14M5 18h8a2 2 0 002-2V8a2 2 0 00-2-2H5a2 2 0 00-2 2v8a2 2 0 002 2z"></path></svg>
        <span>Screencast</span>
    </p>
    <p>Do you prefer video tutorials? Check out the
<a href="https://symfonycasts.com/screencast/symfony" class="reference external" rel="external noopener noreferrer" target="_blank">Stellar Development with Symfony</a>
screencast series.</p>
</div>

<div class="admonition admonition-screencast">
    <p class="admonition-title">
        <svg xmlns="http://www.w3.org/2000/svg" fill="none" width="24" height="24" viewbox="0 0 24 24" stroke="currentColor"><path stroke-linecap="round" stroke-linejoin="round" stroke-width="2" d="M15 10l4.553-2.276A1 1 0 0121 8.618v6.764a1 1 0 01-1.447.894L15 14M5 18h8a2 2 0 002-2V8a2 2 0 00-2-2H5a2 2 0 00-2 2v8a2 2 0 002 2z"></path></svg>
        <span>Screencast</span>
    </p>
    <p>Do you prefer video tutorials? Check out the
<a href="https://symfonycasts.com/screencast/symfony" class="reference external" rel="external noopener noreferrer" target="_blank">Stellar Development with Symfony</a>
screencast series.</p>
</div>
