<div class="admonition admonition-sidebar">
    <p class="sidebar-title">The sidebar's title</p>
    <p>some text inside sidebar</p>
</div>

<div class="admonition admonition-sidebar">
    <p class="sidebar-title">More about the <code translate="no" class="notranslate">request()</code> Method</p>
    <p>The full signature of the <code translate="no" class="notranslate">request()</code> method is...</p>
</div>
