<div translate="no" data-loc="1" class="notranslate codeblock codeblock-length-sm codeblock-php codeblock-has-caption">
   <div class="codeblock-caption">config/routes.php</div>
   <div class="codeblock-scroll">
       <pre class="codeblock-lines">1</pre>
       <pre class="codeblock-code"><code><span class="hljs-variable"><span class="hljs-variable-other-marker">$</span>foo</span> = <span class="hljs-string">'bar'</span>;</code></pre>
   </div>
</div>

<div translate="no" data-loc="1" class="notranslate codeblock codeblock-length-sm codeblock-php codeblock-has-caption hide">
   <div class="codeblock-caption">config/routes.php</div>
   <div class="codeblock-scroll">
       <pre class="codeblock-lines">1</pre>
       <pre class="codeblock-code"><code><span class="hljs-variable"><span class="hljs-variable-other-marker">$</span>foo</span> = <span class="hljs-string">'bar'</span>;</code></pre>
   </div>
</div>

<div translate="no" data-loc="3" class="notranslate codeblock codeblock-length-sm codeblock-diff codeblock-has-caption">
    <div class="codeblock-caption">patch_file</div>
    <div class="codeblock-scroll">
        <pre class="codeblock-lines">1
2
3</pre>
       <pre class="codeblock-code"><code><span class="hljs-comment">--- a/src/Controller/DefaultController.php</span>
           <span class="hljs-comment">+++ b/src/Controller/DefaultController.php</span>
           <span class="hljs-meta">@@ -2,7 +2,9 @@</span></code></pre>
   </div>
</div>
