<div translate="no" data-loc="12" class="notranslate codeblock codeblock-length-md codeblock-html+php codeblock-xml">
    <div class="codeblock-scroll">
        <pre class="codeblock-lines">1
2
3
4
5
6
7
8
9
10
11
12</pre>
        <pre class="codeblock-code"><code><span class="hljs-comment">&lt;!-- views/layout.php --&gt;</span>
<span class="hljs-meta">&lt;!doctype <span class="hljs-meta-keyword">html</span>&gt;</span>
<span class="hljs-tag">&lt;<span class="hljs-name">html</span>&gt;</span>
    <span class="hljs-tag">&lt;<span class="hljs-name">head</span>&gt;</span>
        <span class="hljs-tag">&lt;<span class="hljs-name">title</span>&gt;</span>
            <span class="php"><span class="hljs-meta">&lt;?php</span> <span class="hljs-keyword">echo</span> <span class="hljs-string">'title'</span>; <span class="hljs-meta">?&gt;</span></span>
        <span class="hljs-tag">&lt;/<span class="hljs-name">title</span>&gt;</span>
    <span class="hljs-tag">&lt;/<span class="hljs-name">head</span>&gt;</span>
    <span class="hljs-tag">&lt;<span class="hljs-name">body</span>&gt;</span>
        <span class="php"><span class="hljs-meta">&lt;?php</span> <span class="hljs-keyword">echo</span> <span class="hljs-string">'body'</span>; <span class="hljs-meta">?&gt;</span></span>
    <span class="hljs-tag">&lt;/<span class="hljs-name">body</span>&gt;</span>
<span class="hljs-tag">&lt;/<span class="hljs-name">html</span>&gt;</span></code></pre>
    </div>
