<div translate="no" data-loc="1" class="notranslate codeblock codeblock-length-sm codeblock-terminal codeblock-bash">
    <div class="codeblock-scroll">
        <pre class="codeblock-lines">1</pre>
        <pre class="codeblock-code"><code>git <span class="hljs-built_in">clone</span> git@github.com:symfony/symfony.git</code></pre>
    </div>
</div>
<div translate="no" data-loc="2" class="notranslate codeblock codeblock-length-sm codeblock-terminal codeblock-bash">
   <div class="codeblock-scroll">
       <pre class="codeblock-lines">1
2</pre>
       <pre class="codeblock-code"><code><span class="hljs-prompt">$ </span>cowsay <span class="hljs-string">'eat more chicken'</span>
               <span class="hljs-prompt">$ </span>cowsay <span class="hljs-string">'mmmm'</span></code></pre>
   </div>
</div>

<div translate="no" data-loc="3" class="notranslate codeblock codeblock-length-sm codeblock-terminal codeblock-bash">
   <div class="codeblock-scroll">
       <pre class="codeblock-lines">1
2
3</pre>
       <pre class="codeblock-code"><code><span class="hljs-prompt">C:\&gt; </span>CIV
               <span class="hljs-comment"># Civilization for DOS - my first computer game!</span></code></pre>
   </div>
</div>

<div translate="no" data-loc="1" class="notranslate codeblock codeblock-length-sm codeblock-terminal codeblock-bash hide">
    <div class="codeblock-scroll">
        <pre class="codeblock-lines">1</pre>
        <pre class="codeblock-code"><code><span class="hljs-prompt">$ </span>git branch -D sessions-in-db || <span class="hljs-literal">true</span></code></pre>
    </div>
</div>
