<!DOCTYPE html>
<html>
    <head>
        <meta charset="utf-8" />
    </head>
    <body>
        <div class="section" id="formtype-documentation">
            <h1><a class="headerlink" href="#formtype-documentation" title="Permalink to this headline">FormType Documentation</a></h1>
            <img src="/_images/symfony-logo.png" />
            <a id="internal-reference"></a>
        </div>
    </body>
</html>
