<!DOCTYPE html>
<html>
    <head>
        <meta charset="utf-8" />
    </head>
    <body>
        <div class="section" id="some-test-docs">
            <h1><a class="headerlink" href="#some-test-docs" title="Permalink to this headline">Some Test Docs!</a></h1>
            <img src="/_images/symfony-logo.png" />
            <div class="toctree-wrapper toc-size-md">
                <ul class="toctree toctree-level-1 toctree-length-2">
                    <li>
                        <a href="/datetime.html">DateTimeType Field</a>
                    </li>
                    <li>
                        <a href="/form/form_type.html">FormType Documentation</a>
                    </li>
                </ul>
            </div>
            <div class="section" id="a-header">
                <a id="reference-forms-type-date-format"></a>
                <h2><a class="headerlink" href="#a-header" title="Permalink to this headline">A header</a></h2>
                <p>Some info...</p>
            </div>
        </div>
    </body>
</html>
